2025-12-23 05:35:46:INFO:*****************test_verify_hompage******************
2025-12-23 05:35:50:INFO:*****************test_click_signup_page******************
2025-12-23 05:35:56:INFO:*****************test_enter user details******************
2025-12-23 05:37:19:INFO:*****************test_verify_hompage******************
2025-12-23 05:37:24:INFO:*****************test_click_signup_page******************
2025-12-23 05:37:30:INFO:*****************test_enter user details******************
2025-12-23 05:41:35:WARNING:Retrying (Retry(total=2, connect=None, read=None, redirect=None, status=None)) after connection broken by 'ReadTimeoutError("HTTPConnectionPool(host='localhost', port=34523): Read timed out. (read timeout=120)")': /session/9c592396348d861c76fb830cfa4e823d
2025-12-23 05:43:35:WARNING:Retrying (Retry(total=1, connect=None, read=None, redirect=None, status=None)) after connection broken by 'ReadTimeoutError("HTTPConnectionPool(host='localhost', port=34523): Read timed out. (read timeout=120)")': /session/9c592396348d861c76fb830cfa4e823d
2025-12-23 05:45:35:WARNING:Retrying (Retry(total=0, connect=None, read=None, redirect=None, status=None)) after connection broken by 'ReadTimeoutError("HTTPConnectionPool(host='localhost', port=34523): Read timed out. (read timeout=120)")': /session/9c592396348d861c76fb830cfa4e823d
2025-12-24 02:25:09:INFO:*****************test_verify_hompage******************
2025-12-24 02:25:13:INFO:*****************test_click_signup_page******************
2025-12-24 02:25:19:INFO:*****************test_enter user details******************
2025-12-24 03:33:50:INFO:*****************test_verify_hompage******************
2025-12-24 03:33:54:INFO:*****************test_click_signup_page******************
2025-12-24 03:34:08:INFO:*****************test_enter user details******************
2025-12-24 03:36:06:INFO:*****************test_verify_hompage******************
2025-12-24 03:36:20:INFO:*****************test_click_signup_page******************
2025-12-24 03:36:35:INFO:*****************test_enter user details******************
2025-12-24 03:43:47:INFO:*****************test_verify_hompage******************
2025-12-24 03:43:51:INFO:*****************test_click_signup_page******************
2025-12-24 03:43:57:INFO:*****************test_enter user details******************
2025-12-24 03:45:47:INFO:*****************test_verify_hompage******************
2025-12-24 03:45:52:INFO:*****************test_click_signup_page******************
2025-12-24 03:45:58:INFO:*****************test_enter user details******************
2025-12-31 00:21:37:INFO:*****************test_verify_hompage******************
2025-12-31 00:25:03:INFO:*****************test_verify_hompage******************
2025-12-31 00:30:18:INFO:*****************test_verify_hompage******************
2025-12-31 00:33:54:INFO:*****************test_verify_hompage******************
2025-12-31 00:45:58:INFO:*****************test_verify_hompage******************
2025-12-31 00:49:57:INFO:*****************test_verify_hompage******************
2025-12-31 00:54:41:INFO:*****************test_verify_hompage******************
2025-12-31 00:56:38:INFO:*****************test_verify_hompage******************
2025-12-31 00:56:45:INFO:*****************test_verify_login******************
2025-12-31 00:59:24:INFO:*****************test_verify_hompage******************
2025-12-31 00:59:31:INFO:*****************test_verify_login******************
2025-12-31 01:00:26:INFO:*****************test_verify_hompage******************
2025-12-31 01:00:34:INFO:*****************test_verify_login******************
2025-12-31 01:03:54:INFO:*****************test_verify_hompage******************
2025-12-31 01:04:02:INFO:*****************test_verify_login******************
2025-12-31 01:04:06:INFO:*****************test_verify_login******************
2025-12-31 01:04:42:INFO:*****************test_verify_hompage******************
2025-12-31 01:04:49:INFO:*****************test_verify_login******************
2025-12-31 01:04:53:INFO:*****************test_verify_login******************
2025-12-31 01:05:03:INFO:*****************test_verify_login******************
2025-12-31 01:05:04:INFO:*****************test_verify_login******************
2025-12-31 01:12:37:INFO:*****************test_verify_hompage******************
2025-12-31 01:12:49:INFO:*****************test_verify_login******************
2025-12-31 01:14:12:INFO:*****************test_verify_hompage******************
2025-12-31 01:14:24:INFO:*****************test_verify_login******************
2025-12-31 01:14:49:INFO:*****************test_verify_hompage******************
2025-12-31 01:14:56:INFO:*****************test_verify_login******************
2025-12-31 01:15:02:INFO:*****************test_verify_login******************
2025-12-31 01:17:25:INFO:*****************test_verify_hompage******************
2025-12-31 01:17:32:INFO:*****************test_verify_login******************
2025-12-31 01:17:38:INFO:*****************test_verify_login******************
2025-12-31 01:25:40:INFO:*****************test_verify_hompage******************
2025-12-31 01:25:47:INFO:*****************test_verify_login******************
2025-12-31 01:25:52:INFO:*****************test_verify_login******************
2025-12-31 01:26:07:INFO:*****************test_verify_login******************
